<html>
<body>
<pre>
<h1>µVision Build Log</h1>
<h2>Project:</h2>
X:\GoogleDrive\Desktop\Apple Folder\STM32F429_FreeRTOS\Practical_Guide_FreeRTOS\Projects\STM32F429I-Discovery\Template_FreeRTOS\MDK-ARM\Template.uvproj
Project File Date:  11/07/2015

<h2>Output:</h2>
Rebuild target 'Target 1'
compiling main.c...
compiling stm32f4xx_hal_msp.c...
compiling stm32f4xx_it.c...
assembling startup_stm32f429xx.s...
compiling stm32f4xx_hal.c...
compiling stm32f4xx_hal_cortex.c...
compiling stm32f4xx_hal_dma.c...
compiling stm32f4xx_hal_flash.c...
compiling stm32f4xx_hal_flash_ex.c...
compiling stm32f4xx_hal_gpio.c...
compiling stm32f4xx_hal_i2c.c...
compiling stm32f4xx_hal_i2c_ex.c...
compiling stm32f4xx_hal_pwr.c...
compiling stm32f4xx_hal_pwr_ex.c...
compiling stm32f4xx_hal_rcc.c...
compiling stm32f4xx_hal_rcc_ex.c...
compiling stm32f4xx_hal_uart.c...
compiling system_stm32f4xx.c...
compiling heap_4.c...
compiling port.c...
compiling list.c...
compiling queue.c...
compiling tasks.c...
compiling timers.c...
linking...
Program Size: Code=10356 RO-data=476 RW-data=260 ZI-data=5724  
".\Template.axf" - 0 Error(s), 0 Warning(s).
Load "X:\\GoogleDrive\\Desktop\\Apple Folder\\STM32F429_FreeRTOS\\Practical_Guide_FreeRTOS\\Projects\\STM32F429I-Discovery\\Template_FreeRTOS\\MDK-ARM\\Template.axf" 
Erase Done.
Programming Done.
Verify OK.
